4 characters, 5 bytes
[Text 1 Text 2]
Text 2 came after Text 1, and there are 6 characters in it
This
is
a
multiline
string
Strings!
World
Hello
Hello
friend
[[a b] [c d]]
[Vectors for the Win!]
first of 2: a
[SomeAtom SomeOtherAtom]
atoms are compared, never tested on their own
Nil
3
0
-1
1024
3
3
3 3, floor 2, parsed 42 and 0.5
true
Beeswax at 450p, event 1
2 keys, in the order they arrived: {bee: 2, hive: 1}
[Well,]
My surname is Hive!
Hello World!
