Counting
--------
3 distinct words in 5
{bee: 3, hive: 1, comb: 1}

Looking up
----------
has `br`: true
has `de`: false
jp -> 東京
after delete: [br jp]
still in order: {br: Rio (not really), jp: 東京}

Tables
------
port is 8080
[[host localhost] [port 8080] [tls off]]
[[http 80] [https 443]]

Values
------
the map kept: [[worker]]
the vector is now: [worker drone]
snapshot: {a: 1}
live: {a: 1, b: 2}
equal: false

Composite keys
--------------
BRL till: 1250 cents
2 tills: {{BRL}: 1300, {EUR}: 300}
#Ready -> ready to go
