[1 2 3]
[99 2 3]
a snapshot stays independent of later mutations

[99 2 3]
[99 2 3]
2
[replaced]
two mut bindings share one storage

[[1 2] [3 4]]
[[99 2] [3 4]]
nested vectors are copied at every level

[1 2 3]
[1 2 3 99]
a struct's vector fields are copied, not shared

[1 2 3]
3
[1 2 3]
a mutex parameter takes the caller's storage; every other kind takes a copy
