============================
Beeswax             GBP 4.50
Smoker fuel        GBP 12.25
Frame rest          GBP 8.99
----------------------------
total              GBP 25.74
and this file has an Align of its own
~~~~~~~~~~~~~~~~~~~~~~~~~~~~

Frame rest: 899 g
Smoker fuel: 1.23 kg
[Smoker fuel Frame rest Beeswax]
[Beeswax Smoker fuel Frame rest]
{bee: 2, comb: 1}
weighed 2574 g in total
could not weigh it: `heavy` is not a number of grams
