inserted 1 row
1: Ada (active true)
2: O'Brien (active true)
3: Retired (active false)
[{"id":1,"name":"Ada","active":true},{"id":2,"name":"O'Brien","active":true},{"id":3,"name":"Retired","active":false}]
names: Ada, O'Brien, Retired
no filters: Ada, O'Brien, Retired
id >= 2: O'Brien, Retired
active or first: Ada, O'Brien
all at once: O'Brien
[[total] [3]]
