-- tagged unions --
circle, radius 5
rectangle, 3x4
a single point

-- results --
42 -> age 42
twelve -> not a whole number

-- vectors --
move north (2 extra)
halt
one-word command: jump
unrecognised command

-- strings --
200 health check
user 7, post 99
user 7
file at img/logo.png
404 not found

-- holes that say what they take --
user #7, post #99
no shape matched
v2, then things/42
image holiday-01, jpeg
no shape matched

-- a binding is usable in the rest of the condition --
a big circle: 9
and a string pattern can read a string another one wrote: 7
