{"username":"ada","age":36,"firstName":"Ada"}
grace 45 Grace
ada
absent: []
null: []
$.age: expected a value, found nothing
$.firstName: expected Str, found the number 7
light 14 1.5 false
Nil
{"colour_scheme":"dark","font_size":18,"ratio":2,"compact":true,"state":"Ready"}
light 20
{"Opened":{"opened_by":"ada","timestamp":1700000000}}
{"Closed":{"timestamp":1700000001}}
grace at 0
ada Ada
