eyJhbGciOiJIUzI1NiIsInR5cCI6IkpXVCJ9.eyJzdWIiOiJhZGEiLCJyb2xlIjoiYWRtaW4iLCJleHAiOjQxMDI0NDQ4MDB9.GzhoyF8cMQJtMLpTal-tJsKdWJzPHot-4ZW6UzTSt18
ada admin 4102444800
$: expected a JWT signed with this secret, found BadSignature: signature does not match
BadSignature: signature does not match
Malformed: expected three dot-separated segments
Expired: token has expired
$.sub: expected a value, found nothing
HS256 JWT
{"sub":"ada","role":"admin","exp":4102444800}
