a%20b%26c%3Dd%2F%C3%A9~_.-
q=rust%20%26%20go&page=2&tag=x%20y&tag=z&exact=true&mood=Eager
rust & go | 2 | x y,z | true
Eager
hive lang | 3 | a,b/c | false
Calm
alone | 1 |  | false
Calm
$.q: expected a value, found nothing
$.page: expected Int, found "two"
$.q: expected one value, found 2 values
$.exact: expected Bool, found "yes"
$: expected a query string, found "q=%zz"
1 2
$.at: expected 2 values, found 1 value
$.term: expected a value, found nothing
