AACAP5qZ2T8AAAC/+Q/JP3E9Cr4XSgD0AQcjOGVjYmZmAAwAAAAADQcjNjE2ODZmAAAAAAAAgD8AAIC/AwAAAD8AgMhCbxIDOgZUYXJtYWMABQcjY2ZkNmRlAAAAQAAAAAAAAAAAAwAAgD8AAABAAABAQAAHByNjZmQ2ZGUAAABAAAAAAAAAAAAAAAAA0A9JQAAAAAADAACAPwAAAEAAAEBAAQUHI2NmZDZkZRe30TgXt9G4O99/PwEXt9E5AgUHI2NmZDZkZW8SA7pvEgM6O99/vwJ7FK4+7FG4PgMFByNjZmQ2ZGUAJHRJACR0yWUg8UcDCtcjPY/CdT5SuB4/AQUHI2NmZDZkZQAAAAAAAAAAAAAAAAEAAIA/BREHI2YwYjQyOQAAAAAAAABAAAAAABEASEFMICJxdW90ZWQiCgl0YWIGBAcjZTE0YjNhBgAAgD8AAABAAABAQAAAgEAAAKBAAADAQAQFByMyZmJmNzEAAAAAAAAAAAAAAAACAAB6RQAAekUHIAAAgD8AAABAAABAQAUAY2FyLTMGRW5naW5lAACgP4PAqj4HYAAAAAAAAAAAAAAAAAUAbXVzaWMFTXVzaWMMTmVvbiBTa3kub2dnAACAPwAAgD8=
