{"eye":[1,1.7,-0.5],"aim":[1.571,-0.135],"lens":74,"fog":500,"sky":"#8ecbff","flat":1,"on":"","o":[{"k":"box","c":"#61686f","p":[0,1,-1],"d":[0.5,100.25,0.001],"s":"Tarmac"},{"k":"box","c":"#cfd6de","p":[2,0,0],"d":[1,2,3]},{"k":"box","c":"#cfd6de","p":[2,0,0],"r":[0,3.142,0],"d":[1,2,3]},{"k":"sphere","c":"#cfd6de","p":[0,0,1],"d":[0]},{"k":"cylinder","c":"#cfd6de","p":[-0.001,0.001,-1],"d":[0.34,0.36]},{"k":"cone","c":"#cfd6de","p":[1000000,-1000000,123456.789],"d":[0.04,0.24,0.62]},{"k":"sphere","c":"#cfd6de","p":[0,0,0],"d":[1]},{"k":"label","c":"#f0b429","p":[0,2,0],"x":"HAL \"quoted\"\n\ttab"},{"k":"line","c":"#e14b3a","d":[1,2,3,4,5,6]},{"k":"ground","c":"#2fbf71","p":[0,0,0],"d":[4000,4000]},{"k":"sound","x":"car-3","p":[1,2,3],"v":"Engine","h":1.25,"g":0.334},{"k":"sound","x":"music","p":[0,0,0],"v":"Music","t":"Neon Sky.ogg","h":1,"g":1}]}
