-- a copy, because one end can write --
[a b c]
[a b]
-- shared, because both ends are mut --
4
changed
1
-- a mutex parameter takes the caller's own storage --
[one two]
-- an ordinary parameter takes a copy --
2
[one two]
-- a nested vector copies every level --
[[changed 2] [3 4]]
[[1 2] [3 4]]
-- a struct copies its storage-owning fields --
[p q r]
[p q]
-- a fresh right-hand side is already independent --
[a b]
