--- stock.xlsx ---
the workbook holds 2 sheets
items:     item, Beeswax, Smoker fuel, Hive tool
restocked: restocked, 2026-07-02, 2026-06-18, 2026-07-21
beeswax:   Beeswax | 2026-07-02 | 450
second sheet: site, Apiary
--- stock.ods ---
item | restocked | pence
Beeswax | 2026-07-02 | 450
Smoker fuel | 2026-06-18 | 1225
--- hive.file ---
wrote 13 bytes
appended 13 bytes
the file holds 2 lines:
  stock report
  beeswax: 450
size on disk: 26 bytes
exists: true
copied 26 bytes
the folder holds: report.bak, report.txt
reading ./scratch/nothing-here.txt failed with NotFound
